Lib/FreeRTOS/Source/queue.c:2460:19:prvIsQueueEmpty	8	static
Lib/FreeRTOS/Source/queue.c:2236:19:prvCopyDataToQueue	16	static
Lib/FreeRTOS/Source/queue.c:2319:13:prvCopyDataFromQueue	4	static
Lib/FreeRTOS/Source/queue.c:2340:13:prvUnlockQueue	16	static
Lib/FreeRTOS/Source/queue.c:296:12:xQueueGenericReset	16	static
Lib/FreeRTOS/Source/queue.c:365:19:xQueueGenericCreateStatic	16	static
Lib/FreeRTOS/Source/queue.c:428:16:xQueueGenericGetStaticBuffers	8	static
Lib/FreeRTOS/Source/queue.c:658:18:xQueueGetMutexHolder	8	static
Lib/FreeRTOS/Source/queue.c:691:18:xQueueGetMutexHolderFromISR	8	static
Lib/FreeRTOS/Source/queue.c:815:19:xQueueCreateCountingSemaphoreStatic	16	static
Lib/FreeRTOS/Source/queue.c:884:12:xQueueGenericSend	40	static
Lib/FreeRTOS/Source/queue.c:637:19:xQueueCreateMutexStatic	16	static
Lib/FreeRTOS/Source/queue.c:717:16:xQueueGiveMutexRecursive	16	static
Lib/FreeRTOS/Source/queue.c:1096:12:xQueueGenericSendFromISR	32	static
Lib/FreeRTOS/Source/queue.c:1261:12:xQueueGiveFromISR	24	static
Lib/FreeRTOS/Source/queue.c:1427:12:xQueueReceive	40	static
Lib/FreeRTOS/Source/queue.c:1570:12:xQueueSemaphoreTake	40	static
Lib/FreeRTOS/Source/queue.c:772:16:xQueueTakeMutexRecursive	16	static
Lib/FreeRTOS/Source/queue.c:1780:12:xQueuePeek	40	static
Lib/FreeRTOS/Source/queue.c:1931:12:xQueueReceiveFromISR	32	static
Lib/FreeRTOS/Source/queue.c:2024:12:xQueuePeekFromISR	24	static
Lib/FreeRTOS/Source/queue.c:2079:13:uxQueueMessagesWaiting	8	static
Lib/FreeRTOS/Source/queue.c:2095:13:uxQueueSpacesAvailable	8	static
Lib/FreeRTOS/Source/queue.c:2112:13:uxQueueMessagesWaitingFromISR	8	static
Lib/FreeRTOS/Source/queue.c:2168:17:uxQueueGetQueueNumber	0	static
Lib/FreeRTOS/Source/queue.c:2178:10:vQueueSetQueueNumber	0	static
Lib/FreeRTOS/Source/queue.c:2189:13:ucQueueGetQueueType	0	static
Lib/FreeRTOS/Source/queue.c:2197:13:uxQueueGetQueueItemSize	0	static
Lib/FreeRTOS/Source/queue.c:2203:13:uxQueueGetQueueLength	0	static
Lib/FreeRTOS/Source/queue.c:2481:12:xQueueIsQueueEmptyFromISR	8	static
Lib/FreeRTOS/Source/queue.c:2522:12:xQueueIsQueueFullFromISR	8	static
Lib/FreeRTOS/Source/queue.c:2831:10:vQueueAddToRegistry	24	static
Lib/FreeRTOS/Source/queue.c:2878:18:pcQueueGetName	8	static
Lib/FreeRTOS/Source/queue.c:2909:10:vQueueUnregisterQueue	16	static
Lib/FreeRTOS/Source/queue.c:2124:6:vQueueDelete	8	static
Lib/FreeRTOS/Source/queue.c:2942:10:vQueueWaitForMessageRestricted	16	static
