Lib/FreeRTOS/Source/timers.c:738:23:prvInsertTimerInActiveList	8	static
Lib/FreeRTOS/Source/timers.c:546:17:prvReloadTimer	16	static
Lib/FreeRTOS/Source/timers.c:565:17:prvProcessExpiredTimer	16	static
Lib/FreeRTOS/Source/timers.c:715:23:prvSampleTimeNow	24	static
Lib/FreeRTOS/Source/timers.c:592:12:prvTimerTask	48	static
Lib/FreeRTOS/Source/timers.c:955:17:prvCheckForValidListAndQueue	32	static
Lib/FreeRTOS/Source/timers.c:233:16:xTimerCreateTimerTask	40	static
Lib/FreeRTOS/Source/timers.c:315:23:xTimerCreateStatic	32	static
Lib/FreeRTOS/Source/timers.c:386:16:xTimerGenericCommand	40	static
Lib/FreeRTOS/Source/timers.c:433:18:xTimerGetTimerDaemonTaskHandle	8	static
Lib/FreeRTOS/Source/timers.c:442:16:xTimerGetPeriod	8	static
Lib/FreeRTOS/Source/timers.c:451:10:vTimerSetReloadMode	16	static
Lib/FreeRTOS/Source/timers.c:472:16:xTimerGetReloadMode	8	static
Lib/FreeRTOS/Source/timers.c:496:17:uxTimerGetReloadMode	0	static
Lib/FreeRTOS/Source/timers.c:502:16:xTimerGetExpiryTime	8	static
Lib/FreeRTOS/Source/timers.c:514:20:xTimerGetStaticBuffer	8	static
Lib/FreeRTOS/Source/timers.c:537:18:pcTimerGetName	8	static
Lib/FreeRTOS/Source/timers.c:1006:16:xTimerIsTimerActive	8	static
Lib/FreeRTOS/Source/timers.c:1031:12:pvTimerGetTimerID	8	static
Lib/FreeRTOS/Source/timers.c:1048:10:vTimerSetTimerID	16	static
Lib/FreeRTOS/Source/timers.c:1065:20:xTimerPendFunctionCallFromISR	24	static
Lib/FreeRTOS/Source/timers.c:1092:20:xTimerPendFunctionCall	32	static
Lib/FreeRTOS/Source/timers.c:1124:21:uxTimerGetTimerNumber	0	static
Lib/FreeRTOS/Source/timers.c:1134:14:vTimerSetTimerNumber	0	static
