Lib/AI_Runtime/Npu/ll_aton/ll_aton_runtime.c:327:20:__LL_ATON_RT_Init_Network	8	static
Lib/AI_Runtime/Npu/ll_aton/ll_aton_runtime.h:114:22:__LL_ATON_RT_SetWaitMask	8	static
Lib/AI_Runtime/Npu/ll_aton/ll_aton_NN_interface.h:472:26:EpochBlock_EpochControllerUnit	8	static
Lib/AI_Runtime/Npu/ll_aton/ll_aton_runtime.h:54:22:__ll_clear_aton_owner	16	static
Lib/AI_Runtime/Npu/ll_aton/ll_aton_runtime.c:209:20:__LL_ATON_RT_ExecEndEpochBlock	16	static
Lib/AI_Runtime/Npu/ll_aton/ll_aton_runtime.c:272:13:__LL_ATON_RT_DetermineNextEpochBlock	8	static
Lib/AI_Runtime/Npu/ll_aton/ll_aton_runtime.c:58:19:dump_dma_state	0	static
Lib/AI_Runtime/Npu/ll_aton/ll_aton_runtime.c:783:13:__LL_ATON_RT_IrqErr	16	static
Lib/AI_Runtime/Npu/ll_aton/ll_aton_runtime.c:393:6:LL_ATON_RT_SetRuntimeCallback	0	static
Lib/AI_Runtime/Npu/ll_aton/ll_aton_runtime.c:406:6:LL_ATON_RT_SetEpochCallback	8	static
Lib/AI_Runtime/Npu/ll_aton/ll_aton_runtime.c:420:6:LL_ATON_RT_SetNetworkCallback	8	static
Lib/AI_Runtime/Npu/ll_aton/ll_aton_runtime.c:430:6:LL_ATON_RT_Init_Network	8	static
Lib/AI_Runtime/Npu/ll_aton/ll_aton_runtime.c:471:6:LL_ATON_RT_DeInit_Network	8	static
Lib/AI_Runtime/Npu/ll_aton/ll_aton_runtime.c:520:6:LL_ATON_RT_Reset_Network	8	static
Lib/AI_Runtime/Npu/ll_aton/ll_aton_runtime.c:529:6:LL_ATON_RT_RuntimeInit	8	static,ignoring_inline_asm
Lib/AI_Runtime/Npu/ll_aton/ll_aton_runtime.c:577:6:LL_ATON_RT_RuntimeDeInit	8	static,ignoring_inline_asm
Lib/AI_Runtime/Npu/ll_aton/ll_aton_runtime.c:609:24:LL_ATON_RT_RunEpochBlock	24	static,ignoring_inline_asm
Lib/AI_Runtime/Npu/ll_aton/ll_aton_runtime.c:966:6:NPU0_IRQHandler	24	static,ignoring_inline_asm
