Lib/AI_Runtime/Npu/ll_aton/ll_aton_osal_rtos_template.c:52:6:aton_osal_freertos_init	16	static
Lib/AI_Runtime/Npu/ll_aton/ll_aton_osal_rtos_template.c:86:6:aton_osal_freertos_deinit	0	static
Lib/AI_Runtime/Npu/ll_aton/ll_aton_osal_rtos_template.c:221:6:aton_osal_freertos_lock	8	static
Lib/AI_Runtime/Npu/ll_aton/ll_aton_osal_rtos_template.c:233:6:aton_osal_freertos_unlock	8	static
Lib/AI_Runtime/Npu/ll_aton/ll_aton_osal_rtos_template.c:272:6:aton_osal_freertos_wfe	8	static
Lib/AI_Runtime/Npu/ll_aton/ll_aton_osal_rtos_template.c:287:6:aton_osal_freertos_signal_event	16	static
