Lib/AI_Runtime/Npu/ll_aton/ll_aton_NN_interface.h:494:32:LL_Buffer_addr_start	0	static
Lib/AI_Runtime/Npu/ll_aton/ll_aton_lib_sw_operators.c:370:13:__ll_aton_lib_split_aton_canonical	64	static
Lib/AI_Runtime/Npu/ll_aton/ll_aton_lib_sw_operators.c:1339:13:__ll_aton_lib_pad_filling_sw	24	static
Lib/AI_Runtime/Npu/ll_aton/ll_aton_lib_sw_operators.c:1731:12:__ll_aton_lib_pad_filling	8	static
Lib/AI_Runtime/Npu/ll_aton/ll_aton_lib_sw_operators.c:121:23:__ll_aton_lib_is_in_slice	16	static
Lib/AI_Runtime/Npu/ll_aton/ll_aton_lib_sw_operators.c:990:24:__ll_transp_get_inner_out_axis	8	static
Lib/AI_Runtime/Npu/ll_aton/ll_aton_lib_sw_operators.c:1179:21:__ll_aton_lib_memset.isra	16	static
Lib/AI_Runtime/Npu/ll_aton/ll_aton_lib_sw_operators.c:1609:13:__ll_aton_lib_pad_edge_sw	32	static
Lib/AI_Runtime/Npu/ll_aton/ll_aton_lib_sw_operators.c:38:20:__ll_aton_lib_copy_element.isra	8	static
Lib/AI_Runtime/Npu/ll_aton/ll_aton_lib_sw_operators.c:1214:20:__ll_aton_lib_reflect_inner_framing_sw.isra	56	static
Lib/AI_Runtime/Npu/ll_aton/ll_aton_lib_sw_operators.c:1406:13:__ll_aton_lib_pad_reflect_sw	72	static
Lib/AI_Runtime/Npu/ll_aton/ll_aton_lib_sw_operators.c:196:20:__ll_slice_copy_elem	32	static
Lib/AI_Runtime/Npu/ll_aton/ll_aton_lib_sw_operators.c:2148:12:__ll_aton_lib_pad_4loop_filling	8	static
Lib/AI_Runtime/Npu/ll_aton/ll_aton_lib_sw_operators.c:1863:12:__ll_aton_lib_pad_framing_sw	8	static
Lib/AI_Runtime/Npu/ll_aton/ll_aton_lib_sw_operators.c:903:13:__ll_aton_lib_transpose	48	static
Lib/AI_Runtime/Npu/ll_aton/ll_aton_lib_sw_operators.c:213:13:__ll_aton_lib_slice	64	static
Lib/AI_Runtime/Npu/ll_aton/ll_aton_lib_sw_operators.c:275:5:LL_ATON_LIB_Slice	48	static
Lib/AI_Runtime/Npu/ll_aton/ll_aton_lib_sw_operators.c:514:5:LL_ATON_LIB_Split	112	static
Lib/AI_Runtime/Npu/ll_aton/ll_aton_lib_sw_operators.c:644:5:LL_ATON_LIB_SW_SpaceToDepth	104	static
Lib/AI_Runtime/Npu/ll_aton/ll_aton_lib_sw_operators.c:716:5:LL_ATON_LIB_SW_DepthToSpace	160	static
Lib/AI_Runtime/Npu/ll_aton/ll_aton_lib_sw_operators.c:1046:5:LL_ATON_LIB_Transpose	120	static
Lib/AI_Runtime/Npu/ll_aton/ll_aton_lib_sw_operators.c:1976:5:LL_ATON_LIB_Pad_Standard	248	static
Lib/AI_Runtime/Npu/ll_aton/ll_aton_lib_sw_operators.c:2173:5:LL_ATON_LIB_Pad_4Loop	240	static
