Lib/AI_Runtime/Npu/ll_aton/ll_aton_NN_interface.h:494:32:LL_Buffer_addr_start	0	static
Lib/AI_Runtime/Npu/ll_aton/ll_aton_lib.c:2248:12:floating_to_Q	32	static
Lib/AI_Runtime/Npu/ll_aton/ll_aton_lib.c:195:20:__ll_lib_stop_transfer	8	static
Lib/AI_Runtime/Npu/ll_aton/ll_aton_lib.c:1024:13:__LL_LIB_DMA_Transfer_End_EpochBlock	0	static
Lib/AI_Runtime/Npu/ll_aton/ll_aton_runtime.h:114:22:__LL_ATON_RT_SetWaitMask	8	static
Lib/AI_Runtime/Npu/ll_aton/ll_aton_lib.c:163:13:__ll_lib_strswitch_set_dmas	32	static
Lib/AI_Runtime/Npu/ll_aton/ll_aton_lib.c:3385:20:__ll_lib_pad_save_params	40	static
Lib/AI_Runtime/Npu/ll_aton/ll_aton_runtime.h:182:22:LL_ATON_RT_Insert_LibEpochBlockArray	8	static
Lib/AI_Runtime/Npu/ll_aton/ll_aton_lib.c:212:20:__ll_lib_prepare_inputs_epoch	24	static
Lib/AI_Runtime/Npu/ll_aton/ll_aton_lib.c:247:20:__ll_lib_prepare_outputs_epoch	24	static
Lib/AI_Runtime/Npu/ll_aton/ll_aton_lib.c:1165:13:__LL_ATON_LIB_DMA_Inputs_Memcpy.part.0	24	static
Lib/AI_Runtime/Npu/ll_aton/ll_aton_lib.c:3225:20:__ll_lib_load_const_val	24	static
Lib/AI_Runtime/Npu/ll_aton/ll_aton_lib.c:187:20:__ll_lib_start_transfer.constprop	16	static
Lib/AI_Runtime/Npu/ll_aton/ll_aton_lib.c:1018:13:__LL_LIB_DMA_Transfer_Start_EpochBlock	0	static
Lib/AI_Runtime/Npu/ll_aton/ll_aton_runtime.h:208:22:LL_ATON_RT_DecCurrEpochBlock.constprop	8	static
Lib/AI_Runtime/Npu/ll_aton/ll_aton_lib.c:646:13:__LL_LIB_Outputs_Channel_Split_Batched_End_EpochBlock	24	static
Lib/AI_Runtime/Npu/ll_aton/ll_aton_lib.c:561:13:__LL_LIB_Outputs_Channel_Split_Aton_End_EpochBlock	24	static
Lib/AI_Runtime/Npu/ll_aton/ll_aton_lib.c:505:13:__LL_LIB_Inputs_Batched_Memcpy_End_EpochBlock	24	static
Lib/AI_Runtime/Npu/ll_aton/ll_aton_lib.c:464:13:__LL_LIB_Inputs_Memcpy_End_EpochBlock	8	static
Lib/AI_Runtime/Npu/ll_aton/ll_aton_lib.c:734:13:__LL_LIB_Outputs_Memcpy_End_EpochBlock	0	static
Lib/AI_Runtime/Npu/ll_aton/ll_aton_lib.c:408:13:__LL_LIB_Concat_Case3_End_EpochBlock	8	static
Lib/AI_Runtime/Npu/ll_aton/ll_aton_runtime.h:140:22:__LL_ATON_RT_RetFromLibEpochBlockArray.constprop	8	static
Lib/AI_Runtime/Npu/ll_aton/ll_aton_lib.c:827:13:__LL_LIB_DMA_Pad_Filling_End_EpochBlock	24	static
Lib/AI_Runtime/Npu/ll_aton/ll_aton_lib.c:764:13:__LL_LIB_DMA_Pad_Memset_End_EpochBlock	16	static
Lib/AI_Runtime/Npu/ll_aton/ll_aton_lib.c:2262:14:Q_to_floating.isra	16	static
Lib/AI_Runtime/Npu/ll_aton/ll_aton_NN_interface.h:499:32:LL_Buffer_addr_end	0	static
Lib/AI_Runtime/Npu/ll_aton/ll_aton_lib.c:284:22:__ll_lib_memcpy_prolog	24	static
Lib/AI_Runtime/Npu/ll_aton/ll_aton_lib.c:313:13:__ll_lib_inputs_memcpy_start	32	static
Lib/AI_Runtime/Npu/ll_aton/ll_aton_lib.c:399:13:__LL_LIB_Concat_Case3_Start_EpochBlock	8	static
Lib/AI_Runtime/Npu/ll_aton/ll_aton_lib.c:455:13:__LL_LIB_Inputs_Memcpy_Start_EpochBlock	8	static
Lib/AI_Runtime/Npu/ll_aton/ll_aton_lib.c:494:13:__LL_LIB_Inputs_Batched_Memcpy_Start_EpochBlock	8	static
Lib/AI_Runtime/Npu/ll_aton/ll_aton_lib.c:354:13:__ll_lib_outputs_memcpy_start	32	static
Lib/AI_Runtime/Npu/ll_aton/ll_aton_lib.c:725:13:__LL_LIB_Outputs_Memcpy_Start_EpochBlock	8	static
Lib/AI_Runtime/Npu/ll_aton/ll_aton_lib.c:550:13:__LL_LIB_Outputs_Channel_Split_Aton_Start_EpochBlock	8	static
Lib/AI_Runtime/Npu/ll_aton/ll_aton_lib.c:635:13:__LL_LIB_Outputs_Channel_Split_Batched_Start_EpochBlock	8	static
Lib/AI_Runtime/Npu/ll_aton/ll_aton_lib.c:779:13:__LL_LIB_DMA_Pad_Filling_Start_EpochBlock	24	static
Lib/AI_Runtime/Npu/ll_aton/ll_aton_lib.c:41:5:LL_LIB_TENSOR_ELEMENTS	8	static
Lib/AI_Runtime/Npu/ll_aton/ll_aton_lib.c:49:6:__ll_lib_error	4	static
Lib/AI_Runtime/Npu/ll_aton/ll_aton_lib.c:1549:5:LL_ATON_LIB_DMA_ImageToRow	224	static
Lib/AI_Runtime/Npu/ll_aton/ll_aton_lib.c:1683:5:LL_ATON_LIB_DMA_SpaceToDepth	40	static
Lib/AI_Runtime/Npu/ll_aton/ll_aton_lib.c:1706:5:LL_ATON_LIB_DMA_RowToImage	208	static
Lib/AI_Runtime/Npu/ll_aton/ll_aton_lib.c:1814:5:LL_ATON_LIB_DMA_DepthToSpace	40	static
Lib/AI_Runtime/Npu/ll_aton/ll_aton_lib.c:1822:5:LL_ATON_LIB_DMA_Transpose	200	static
Lib/AI_Runtime/Npu/ll_aton/ll_aton_lib.c:1962:5:LL_ATON_LIB_Concat	272	static
Lib/AI_Runtime/Npu/ll_aton/ll_aton_lib.c:2335:5:LL_ATON_LIB_Cast	128	static
Lib/AI_Runtime/Npu/ll_aton/ll_aton_lib.c:2928:5:LL_ATON_LIB_Softmax	112	static
Lib/AI_Runtime/Npu/ll_aton/ll_aton_lib.c:2989:5:LL_ATON_LIB_DMA_Outputs_Flat_Copy	32	static
Lib/AI_Runtime/Npu/ll_aton/ll_aton_lib.c:3037:5:LL_ATON_LIB_DMA_Outputs_Slice_SplitLike	184	static
Lib/AI_Runtime/Npu/ll_aton/ll_aton_lib.c:3107:5:LL_ATON_LIB_DMA_Outputs_Channel_Split_Aton	208	static
Lib/AI_Runtime/Npu/ll_aton/ll_aton_lib.c:3151:5:LL_ATON_LIB_DMA_Outputs_Channel_Split_Batched	224	static
Lib/AI_Runtime/Npu/ll_aton/ll_aton_lib.c:3439:5:LL_ATON_LIB_DMA_Pad_Memset	200	static
Lib/AI_Runtime/Npu/ll_aton/ll_aton_lib.c:3483:5:LL_ATON_LIB_DMA_Pad_Filling	24	static
Lib/AI_Runtime/Npu/ll_aton/ll_aton_lib.c:3775:5:LL_ATON_LIB_Async_Memcpy	40	static
Lib/AI_Runtime/Npu/ll_aton/ll_aton_lib.c:3538:5:LL_ATON_LIB_DMA_Pad_4Loop_Filling	64	static
