Lib/AI_Runtime/Npu/ll_aton/ll_aton_NN_interface.h:494:32:LL_Buffer_addr_start	0	static
Lib/AI_Runtime/Npu/ll_aton/ll_aton_stai_internal.h:120:34:__ll_aton_stai_check_context_network_handle.constprop	0	static
Model/stai_hand_landmark.c:269:32:__ll_aton_stai_hand_landmark_set_outputs_or_activations	32	static
Model/stai_hand_landmark.c:186:32:__ll_aton_stai_hand_landmark_set_inputs_or_weights	32	static
Model/stai_hand_landmark.c:109:32:__ll_aton_stai_hand_landmark_get_outputs_or_activations	32	static
Model/stai_hand_landmark.c:38:32:__ll_aton_stai_hand_landmark_get_inputs_or_weights	32	static
Model/stai_hand_landmark.c:359:18:stai_hand_landmark_init	8	static
Model/stai_hand_landmark.c:379:18:stai_hand_landmark_deinit	24	static
Model/stai_hand_landmark.c:405:18:stai_hand_landmark_run	16	static
Model/stai_hand_landmark.c:415:18:stai_hand_landmark_train	16	static
Model/stai_hand_landmark.c:429:18:stai_hand_landmark_get_inputs	0	static
Model/stai_hand_landmark.c:435:18:stai_hand_landmark_get_weights	0	static
Model/stai_hand_landmark.c:441:18:stai_hand_landmark_get_outputs	0	static
Model/stai_hand_landmark.c:447:18:stai_hand_landmark_get_activations	0	static
Model/stai_hand_landmark.c:455:18:stai_hand_landmark_get_info	24	static
Model/stai_hand_landmark.c:468:18:stai_hand_landmark_get_states	24	static
Model/stai_hand_landmark.c:481:18:stai_hand_landmark_get_error	16	static
Model/stai_hand_landmark.c:494:18:stai_hand_landmark_set_inputs	0	static
Model/stai_hand_landmark.c:501:18:stai_hand_landmark_set_weights	0	static
Model/stai_hand_landmark.c:508:18:stai_hand_landmark_set_outputs	0	static
Model/stai_hand_landmark.c:515:18:stai_hand_landmark_set_activations	0	static
Model/stai_hand_landmark.c:522:18:stai_hand_landmark_set_states	16	static
Model/stai_hand_landmark.c:538:18:stai_hand_landmark_set_callback	8	static
Model/stai_hand_landmark.c:565:18:stai_ext_hand_landmark_run_continue	16	static
Model/stai_hand_landmark.c:586:18:stai_ext_hand_landmark_get_nn_run_status	16	static
Model/stai_hand_landmark.c:602:18:stai_ext_hand_landmark_new_inference	0	static
