Lib/screenl/Src/scrl_lcd.c:221:16:LTDC_FillRectRgb888	24	static
Lib/screenl/Src/scrl_lcd.c:248:16:LTDC_FillRectArgb8888	24	static
Lib/screenl/Src/scrl_lcd.c:394:16:LTDC_GetFormat	0	static
Lib/screenl/Src/scrl_lcd.c:378:16:LTDC_SetLayer	16	static
Lib/screenl/Src/scrl_lcd.c:373:16:LTDC_GetYSize	0	static
Lib/screenl/Src/scrl_lcd.c:368:16:LTDC_GetXSize	0	static
Lib/screenl/Src/scrl_lcd.c:353:16:LTDC_GetPixel	0	static
Lib/screenl/Src/scrl_lcd.c:342:16:LTDC_FillRect	16	static
Lib/screenl/Src/scrl_lcd.c:311:16:LTDC_FillRGBRect	32	static
Lib/screenl/Src/scrl_lcd.c:306:16:LTDC_DrawBitmap	0	static
Lib/screenl/Src/scrl_lcd.c:144:13:fill_lcd_layer_config_from_scrl_layer_config	8	static
Lib/screenl/Src/scrl_lcd.c:358:16:LTDC_SetPixel	32	static
Lib/screenl/Src/scrl_lcd.c:332:16:LTDC_DrawVLine	32	static
Lib/screenl/Src/scrl_lcd.c:322:16:LTDC_DrawHLine	32	static
Lib/screenl/Src/scrl_lcd.c:413:5:SCRL_Init	48	static
Lib/screenl/Src/scrl_lcd.c:441:5:SCRL_SetAddress_NoReload	8	static
Lib/screenl/Src/scrl_lcd.c:446:5:SCRL_ReloadLayer	8	static
Lib/screenl/Src/scrl_lcd.c:451:5:SRCL_Update	0	static
Lib/screenl/Src/scrl_lcd.c:457:19:MX_LTDC_ConfigLayer	136	static
