STM32Cube_FW_N6/Drivers/STM32N6xx_HAL_Driver/Inc/stm32n6xx_ll_bus.h:679:22:LL_MEM_EnableClock	8	static
STM32Cube_FW_N6/Drivers/STM32N6xx_HAL_Driver/Inc/stm32n6xx_ll_bus.h:1755:22:LL_AHB5_GRP1_EnableClock	8	static
Src/main.c:191:13:SystemClock_Config	632	static
Src/main.c:340:13:main_thread_fct	136	static
Src/main.c:73:5:main	32	static,ignoring_inline_asm
Src/main.c:184:6:IAC_IRQHandler	0	static
Src/main.c:426:19:MX_DCMIPP_ClockConfig	408	static
Src/main.c:449:6:npu_cache_enable_clocks_and_reset	8	static
Src/main.c:457:6:npu_cache_disable_clocks_and_reset	0	static
Src/main.c:473:6:assert_failed	0	static,ignoring_inline_asm
Src/main.c:485:45:app_clean_invalidate_dbg	16	static,ignoring_inline_asm
Src/main.c:490:6:HAL_GPU2D_MspInit	8	static,ignoring_inline_asm
Src/main.c:506:6:HAL_GPU2D_MspDeInit	0	static
Src/main.c:514:6:HAL_GFXMMU_MspInit	8	static,ignoring_inline_asm
Src/main.c:524:6:HAL_GFXMMU_MspDeInit	0	static,ignoring_inline_asm
