Src/nema_hal_freertos.c:83:6:HAL_GPU2D_CommandListCpltCallback	16	static
Src/nema_hal_freertos.c:151:5:nema_wait_irq	8	static
Src/nema_hal_freertos.c:163:5:nema_wait_irq_cl	16	static
Src/nema_hal_freertos.c:183:10:nema_reg_read	0	static
Src/nema_hal_freertos.c:173:5:nema_wait_irq_brk	8	static
Src/nema_hal_freertos.c:188:6:nema_reg_write	0	static
Src/nema_hal_freertos.c:232:7:nema_buffer_map	0	static
Src/nema_hal_freertos.c:237:6:nema_buffer_unmap	0	static
Src/nema_hal_freertos.c:252:11:nema_buffer_phys	0	static
Src/nema_hal_freertos.c:268:6:nema_host_free	0	static
Src/nema_hal_freertos.c:276:7:nema_host_malloc	8	static
Src/nema_hal_freertos.c:286:5:nema_mutex_lock	8	static
Src/nema_hal_freertos.c:303:5:nema_mutex_unlock	8	static
Src/nema_hal_freertos.c:193:15:nema_buffer_create	40	static
Src/nema_hal_freertos.c:100:9:nema_sys_init	40	static
Src/nema_hal_freertos.c:212:15:nema_buffer_create_pool	24	static
Src/nema_hal_freertos.c:243:6:nema_buffer_destroy	8	static
Src/nema_hal_freertos.c:257:6:nema_buffer_flush	8	static,ignoring_inline_asm
