Lib/Camera_Middleware/sensors/cmw_vd66gy.c:50:12:CMW_VD66GY_Read16	24	static
Lib/Camera_Middleware/sensors/cmw_vd66gy.c:93:13:VD6G_ShutdownPin	0	static
Lib/Camera_Middleware/sensors/cmw_vd66gy.c:100:12:VD6G_Read8	4	static
Lib/Camera_Middleware/sensors/cmw_vd66gy.c:107:12:VD6G_Read16	0	static
Lib/Camera_Middleware/sensors/cmw_vd66gy.c:114:12:VD6G_Read32	24	static
Lib/Camera_Middleware/sensors/cmw_vd66gy.c:121:12:VD6G_Write8	16	static
Lib/Camera_Middleware/sensors/cmw_vd66gy.c:128:12:VD6G_Write16	16	static
Lib/Camera_Middleware/sensors/cmw_vd66gy.c:135:12:VD6G_Write32	16	static
Lib/Camera_Middleware/sensors/cmw_vd66gy.c:142:12:VD6G_WriteArray	32	static
Lib/Camera_Middleware/sensors/cmw_vd66gy.c:162:13:VD6G_Delay	0	static
Lib/Camera_Middleware/sensors/cmw_vd66gy.c:169:13:VD6G_Log	0	static
Lib/Camera_Middleware/sensors/cmw_vd66gy.c:589:13:CMW_VD66GY_FrameEventCallback	0	static
Lib/Camera_Middleware/sensors/cmw_vd66gy.c:378:9:CMW_VD66GY_SetGain	72	static
Lib/Camera_Middleware/sensors/cmw_vd66gy.c:434:9:CMW_VD66GY_SetExposure	0	static
Lib/Camera_Middleware/sensors/cmw_vd66gy.c:445:9:CMW_VD66GY_SetExposureMode	8	static
Lib/Camera_Middleware/sensors/cmw_vd66gy.c:473:9:CMW_VD66GY_SetWBRefMode	8	static
Lib/Camera_Middleware/sensors/cmw_vd66gy.c:492:9:CMW_VD66GY_ListWBRefModes	8	static
Lib/Camera_Middleware/sensors/cmw_vd66gy.c:511:9:CMW_VD66GY_GetSensorInfo	64	static
Lib/Camera_Middleware/sensors/cmw_vd66gy.c:340:16:CMW_VD66GY_Stop	8	static
Lib/Camera_Middleware/sensors/cmw_vd66gy.c:298:16:CMW_VD66GY_Start	24	static
Lib/Camera_Middleware/sensors/cmw_vd66gy.c:352:16:CMW_VD66GY_DeInit	16	static
Lib/Camera_Middleware/sensors/cmw_vd66gy.c:327:16:CMW_VD66GY_Run	8	static
Lib/Camera_Middleware/sensors/cmw_vd66gy.c:234:16:CMW_VD66GY_Init	72	static
Lib/Camera_Middleware/sensors/cmw_vd66gy.c:569:13:CMW_VD66GY_VsyncEventCallback	8	static
Lib/Camera_Middleware/sensors/cmw_vd66gy.c:291:6:CMW_VD66GY_SetDefaultSensorValues	8	static
Lib/Camera_Middleware/sensors/cmw_vd66gy.c:593:9:VD66GY_RegisterBusIO	0	static
Lib/Camera_Middleware/sensors/cmw_vd66gy.c:608:9:VD66GY_ReadID	16	static
Lib/Camera_Middleware/sensors/cmw_vd66gy.c:634:5:CMW_VD66GY_Probe	24	static
