STM32Cube_FW_N6/Drivers/STM32N6xx_HAL_Driver/Src/stm32n6xx_ll_usb.c:83:19:USB_CoreInit	16	static
STM32Cube_FW_N6/Drivers/STM32N6xx_HAL_Driver/Src/stm32n6xx_ll_usb.c:122:19:USB_SetTurnaroundTime	0	static
STM32Cube_FW_N6/Drivers/STM32N6xx_HAL_Driver/Src/stm32n6xx_ll_usb.c:205:19:USB_EnableGlobalInt	0	static
STM32Cube_FW_N6/Drivers/STM32N6xx_HAL_Driver/Src/stm32n6xx_ll_usb.c:217:19:USB_DisableGlobalInt	0	static
STM32Cube_FW_N6/Drivers/STM32N6xx_HAL_Driver/Src/stm32n6xx_ll_usb.c:232:19:USB_SetCurrentMode	16	static
STM32Cube_FW_N6/Drivers/STM32N6xx_HAL_Driver/Src/stm32n6xx_ll_usb.c:434:19:USB_FlushTxFifo	8	static
STM32Cube_FW_N6/Drivers/STM32N6xx_HAL_Driver/Src/stm32n6xx_ll_usb.c:471:19:USB_FlushRxFifo	8	static
STM32Cube_FW_N6/Drivers/STM32N6xx_HAL_Driver/Src/stm32n6xx_ll_usb.c:514:19:USB_SetDevSpeed	0	static
STM32Cube_FW_N6/Drivers/STM32N6xx_HAL_Driver/Src/stm32n6xx_ll_usb.c:279:19:USB_DevInit	32	static
STM32Cube_FW_N6/Drivers/STM32N6xx_HAL_Driver/Src/stm32n6xx_ll_usb.c:530:9:USB_GetDevSpeed	0	static
STM32Cube_FW_N6/Drivers/STM32N6xx_HAL_Driver/Src/stm32n6xx_ll_usb.c:560:19:USB_ActivateEndpoint	12	static
STM32Cube_FW_N6/Drivers/STM32N6xx_HAL_Driver/Src/stm32n6xx_ll_usb.c:598:19:USB_ActivateDedicatedEndpoint	20	static
STM32Cube_FW_N6/Drivers/STM32N6xx_HAL_Driver/Src/stm32n6xx_ll_usb.c:637:19:USB_DeactivateEndpoint	8	static
STM32Cube_FW_N6/Drivers/STM32N6xx_HAL_Driver/Src/stm32n6xx_ll_usb.c:684:19:USB_DeactivateDedicatedEndpoint	0	static
STM32Cube_FW_N6/Drivers/STM32N6xx_HAL_Driver/Src/stm32n6xx_ll_usb.c:898:19:USB_EPStopXfer	24	static
STM32Cube_FW_N6/Drivers/STM32N6xx_HAL_Driver/Src/stm32n6xx_ll_usb.c:1003:19:USB_EPSetStall	0	static
STM32Cube_FW_N6/Drivers/STM32N6xx_HAL_Driver/Src/stm32n6xx_ll_usb.c:1034:19:USB_EPClearStall	0	static
STM32Cube_FW_N6/Drivers/STM32N6xx_HAL_Driver/Src/stm32n6xx_ll_usb.c:1072:19:USB_WritePacket	8	static
STM32Cube_FW_N6/Drivers/STM32N6xx_HAL_Driver/Src/stm32n6xx_ll_usb.c:726:19:USB_EPStartXfer	32	static
STM32Cube_FW_N6/Drivers/STM32N6xx_HAL_Driver/Src/stm32n6xx_ll_usb.c:1103:7:USB_ReadPacket	20	static
STM32Cube_FW_N6/Drivers/STM32N6xx_HAL_Driver/Src/stm32n6xx_ll_usb.c:1144:19:USB_StopDevice	8	static
STM32Cube_FW_N6/Drivers/STM32N6xx_HAL_Driver/Src/stm32n6xx_ll_usb.c:1185:19:USB_SetDevAddress	0	static
STM32Cube_FW_N6/Drivers/STM32N6xx_HAL_Driver/Src/stm32n6xx_ll_usb.c:1200:19:USB_DevConnect	0	static
STM32Cube_FW_N6/Drivers/STM32N6xx_HAL_Driver/Src/stm32n6xx_ll_usb.c:1217:19:USB_DevDisconnect	0	static
STM32Cube_FW_N6/Drivers/STM32N6xx_HAL_Driver/Src/stm32n6xx_ll_usb.c:1234:10:USB_ReadInterrupts	0	static
STM32Cube_FW_N6/Drivers/STM32N6xx_HAL_Driver/Src/stm32n6xx_ll_usb.c:1250:10:USB_ReadChInterrupts	0	static
STM32Cube_FW_N6/Drivers/STM32N6xx_HAL_Driver/Src/stm32n6xx_ll_usb.c:1266:10:USB_ReadDevAllOutEpInterrupt	0	static
STM32Cube_FW_N6/Drivers/STM32N6xx_HAL_Driver/Src/stm32n6xx_ll_usb.c:1282:10:USB_ReadDevAllInEpInterrupt	0	static
STM32Cube_FW_N6/Drivers/STM32N6xx_HAL_Driver/Src/stm32n6xx_ll_usb.c:1300:10:USB_ReadDevOutEPInterrupt	0	static
STM32Cube_FW_N6/Drivers/STM32N6xx_HAL_Driver/Src/stm32n6xx_ll_usb.c:1318:10:USB_ReadDevInEPInterrupt	0	static
STM32Cube_FW_N6/Drivers/STM32N6xx_HAL_Driver/Src/stm32n6xx_ll_usb.c:1339:7:USB_ClearInterrupts	0	static
STM32Cube_FW_N6/Drivers/STM32N6xx_HAL_Driver/Src/stm32n6xx_ll_usb.c:1352:10:USB_GetMode	0	static
STM32Cube_FW_N6/Drivers/STM32N6xx_HAL_Driver/Src/stm32n6xx_ll_usb.c:1362:19:USB_ActivateSetup	0	static
STM32Cube_FW_N6/Drivers/STM32N6xx_HAL_Driver/Src/stm32n6xx_ll_usb.c:1384:19:USB_EP0_OutStart	12	static
STM32Cube_FW_N6/Drivers/STM32N6xx_HAL_Driver/Src/stm32n6xx_ll_usb.c:1464:19:USB_HostInit	16	static
STM32Cube_FW_N6/Drivers/STM32N6xx_HAL_Driver/Src/stm32n6xx_ll_usb.c:1554:19:USB_InitFSLSPClkSel	8	static
STM32Cube_FW_N6/Drivers/STM32N6xx_HAL_Driver/Src/stm32n6xx_ll_usb.c:1584:19:USB_ResetPort	24	static
STM32Cube_FW_N6/Drivers/STM32N6xx_HAL_Driver/Src/stm32n6xx_ll_usb.c:1611:19:USB_DriveVbus	8	static
STM32Cube_FW_N6/Drivers/STM32N6xx_HAL_Driver/Src/stm32n6xx_ll_usb.c:1641:10:USB_GetHostSpeed	8	static
STM32Cube_FW_N6/Drivers/STM32N6xx_HAL_Driver/Src/stm32n6xx_ll_usb.c:1655:10:USB_GetCurrentFrame	0	static
STM32Cube_FW_N6/Drivers/STM32N6xx_HAL_Driver/Src/stm32n6xx_ll_usb.c:2198:19:USB_DoPing	0	static
STM32Cube_FW_N6/Drivers/STM32N6xx_HAL_Driver/Src/stm32n6xx_ll_usb.c:2222:19:USB_StopHost	24	static
STM32Cube_FW_N6/Drivers/STM32N6xx_HAL_Driver/Src/stm32n6xx_ll_usb.c:2287:19:USB_ActivateRemoteWakeup	0	static
STM32Cube_FW_N6/Drivers/STM32N6xx_HAL_Driver/Src/stm32n6xx_ll_usb.c:2305:19:USB_DeActivateRemoteWakeup	0	static
