STM32Cube_FW_N6/Drivers/STM32N6xx_HAL_Driver/Src/stm32n6xx_hal_icache.c:140:19:HAL_ICACHE_ConfigAssociativityMode	8	static
STM32Cube_FW_N6/Drivers/STM32N6xx_HAL_Driver/Src/stm32n6xx_hal_icache.c:164:19:HAL_ICACHE_DeInit	0	static
STM32Cube_FW_N6/Drivers/STM32N6xx_HAL_Driver/Src/stm32n6xx_hal_icache.c:192:19:HAL_ICACHE_Enable	0	static
STM32Cube_FW_N6/Drivers/STM32N6xx_HAL_Driver/Src/stm32n6xx_hal_icache.c:205:19:HAL_ICACHE_Disable	16	static
STM32Cube_FW_N6/Drivers/STM32N6xx_HAL_Driver/Src/stm32n6xx_hal_icache.c:240:10:HAL_ICACHE_IsEnabled	0	static
STM32Cube_FW_N6/Drivers/STM32N6xx_HAL_Driver/Src/stm32n6xx_hal_icache.c:275:19:HAL_ICACHE_Invalidate_IT	0	static
STM32Cube_FW_N6/Drivers/STM32N6xx_HAL_Driver/Src/stm32n6xx_hal_icache.c:304:19:HAL_ICACHE_WaitForInvalidateComplete	16	static
STM32Cube_FW_N6/Drivers/STM32N6xx_HAL_Driver/Src/stm32n6xx_hal_icache.c:251:19:HAL_ICACHE_Invalidate	0	static
STM32Cube_FW_N6/Drivers/STM32N6xx_HAL_Driver/Src/stm32n6xx_hal_icache.c:346:19:HAL_ICACHE_Monitor_Start	8	static
STM32Cube_FW_N6/Drivers/STM32N6xx_HAL_Driver/Src/stm32n6xx_hal_icache.c:366:19:HAL_ICACHE_Monitor_Stop	8	static
STM32Cube_FW_N6/Drivers/STM32N6xx_HAL_Driver/Src/stm32n6xx_hal_icache.c:385:19:HAL_ICACHE_Monitor_Reset	8	static
STM32Cube_FW_N6/Drivers/STM32N6xx_HAL_Driver/Src/stm32n6xx_hal_icache.c:402:10:HAL_ICACHE_Monitor_GetHitValue	0	static
STM32Cube_FW_N6/Drivers/STM32N6xx_HAL_Driver/Src/stm32n6xx_hal_icache.c:412:10:HAL_ICACHE_Monitor_GetMissValue	0	static
STM32Cube_FW_N6/Drivers/STM32N6xx_HAL_Driver/Src/stm32n6xx_hal_icache.c:478:13:HAL_ICACHE_InvalidateCompleteCallback	0	static
STM32Cube_FW_N6/Drivers/STM32N6xx_HAL_Driver/Src/stm32n6xx_hal_icache.c:488:13:HAL_ICACHE_ErrorCallback	0	static
STM32Cube_FW_N6/Drivers/STM32N6xx_HAL_Driver/Src/stm32n6xx_hal_icache.c:442:6:HAL_ICACHE_IRQHandler	8	static
