STM32Cube_FW_N6/Drivers/STM32N6xx_HAL_Driver/Src/stm32n6xx_hal_spi.c:3769:13:SPI_RxISR_16BIT	0	static
STM32Cube_FW_N6/Drivers/STM32N6xx_HAL_Driver/Src/stm32n6xx_hal_spi.c:3797:13:SPI_RxISR_32BIT	0	static
STM32Cube_FW_N6/Drivers/STM32N6xx_HAL_Driver/Src/stm32n6xx_hal_spi.c:3894:13:SPI_AbortTransfer	0	static
STM32Cube_FW_N6/Drivers/STM32N6xx_HAL_Driver/Src/stm32n6xx_hal_spi.c:3933:13:SPI_CloseTransfer	0	static
STM32Cube_FW_N6/Drivers/STM32N6xx_HAL_Driver/Src/stm32n6xx_hal_spi.c:3747:13:SPI_RxISR_8BIT	0	static
STM32Cube_FW_N6/Drivers/STM32N6xx_HAL_Driver/Src/stm32n6xx_hal_spi.c:3819:13:SPI_TxISR_8BIT	0	static
STM32Cube_FW_N6/Drivers/STM32N6xx_HAL_Driver/Src/stm32n6xx_hal_spi.c:3842:13:SPI_TxISR_16BIT	0	static
STM32Cube_FW_N6/Drivers/STM32N6xx_HAL_Driver/Src/stm32n6xx_hal_spi.c:3871:13:SPI_TxISR_32BIT	0	static
STM32Cube_FW_N6/Drivers/STM32N6xx_HAL_Driver/Src/stm32n6xx_hal_spi.c:4010:26:SPI_WaitOnFlagUntilTimeout.constprop	16	static
STM32Cube_FW_N6/Drivers/STM32N6xx_HAL_Driver/Src/stm32n6xx_hal_spi.c:547:13:HAL_SPI_MspInit	0	static
STM32Cube_FW_N6/Drivers/STM32N6xx_HAL_Driver/Src/stm32n6xx_hal_spi.c:239:19:HAL_SPI_Init	24	static
STM32Cube_FW_N6/Drivers/STM32N6xx_HAL_Driver/Src/stm32n6xx_hal_spi.c:563:13:HAL_SPI_MspDeInit	0	static
STM32Cube_FW_N6/Drivers/STM32N6xx_HAL_Driver/Src/stm32n6xx_hal_spi.c:503:19:HAL_SPI_DeInit	8	static
STM32Cube_FW_N6/Drivers/STM32N6xx_HAL_Driver/Src/stm32n6xx_hal_spi.c:838:19:HAL_SPI_Transmit	32	static
STM32Cube_FW_N6/Drivers/STM32N6xx_HAL_Driver/Src/stm32n6xx_hal_spi.c:1072:19:HAL_SPI_Receive	32	static
STM32Cube_FW_N6/Drivers/STM32N6xx_HAL_Driver/Src/stm32n6xx_hal_spi.c:1379:19:HAL_SPI_TransmitReceive	40	static
STM32Cube_FW_N6/Drivers/STM32N6xx_HAL_Driver/Src/stm32n6xx_hal_spi.c:1716:19:HAL_SPI_Transmit_IT	16	static
STM32Cube_FW_N6/Drivers/STM32N6xx_HAL_Driver/Src/stm32n6xx_hal_spi.c:1810:19:HAL_SPI_Receive_IT	16	static
STM32Cube_FW_N6/Drivers/STM32N6xx_HAL_Driver/Src/stm32n6xx_hal_spi.c:1909:19:HAL_SPI_TransmitReceive_IT	24	static
STM32Cube_FW_N6/Drivers/STM32N6xx_HAL_Driver/Src/stm32n6xx_hal_spi.c:2039:19:HAL_SPI_Transmit_DMA	24	static
STM32Cube_FW_N6/Drivers/STM32N6xx_HAL_Driver/Src/stm32n6xx_hal_spi.c:2235:19:HAL_SPI_Receive_DMA	24	static
STM32Cube_FW_N6/Drivers/STM32N6xx_HAL_Driver/Src/stm32n6xx_hal_spi.c:2433:19:HAL_SPI_TransmitReceive_DMA	24	static
STM32Cube_FW_N6/Drivers/STM32N6xx_HAL_Driver/Src/stm32n6xx_hal_spi.c:2708:19:HAL_SPI_Abort	16	static
STM32Cube_FW_N6/Drivers/STM32N6xx_HAL_Driver/Src/stm32n6xx_hal_spi.c:2996:19:HAL_SPI_DMAPause	0	static
STM32Cube_FW_N6/Drivers/STM32N6xx_HAL_Driver/Src/stm32n6xx_hal_spi.c:3011:19:HAL_SPI_DMAResume	0	static
STM32Cube_FW_N6/Drivers/STM32N6xx_HAL_Driver/Src/stm32n6xx_hal_spi.c:3026:19:HAL_SPI_DMAStop	0	static
STM32Cube_FW_N6/Drivers/STM32N6xx_HAL_Driver/Src/stm32n6xx_hal_spi.c:3285:13:HAL_SPI_TxCpltCallback	0	static
STM32Cube_FW_N6/Drivers/STM32N6xx_HAL_Driver/Src/stm32n6xx_hal_spi.c:3486:13:SPI_DMATransmitCplt	8	static
STM32Cube_FW_N6/Drivers/STM32N6xx_HAL_Driver/Src/stm32n6xx_hal_spi.c:3301:13:HAL_SPI_RxCpltCallback	0	static
STM32Cube_FW_N6/Drivers/STM32N6xx_HAL_Driver/Src/stm32n6xx_hal_spi.c:3514:13:SPI_DMAReceiveCplt	8	static
STM32Cube_FW_N6/Drivers/STM32N6xx_HAL_Driver/Src/stm32n6xx_hal_spi.c:3317:13:HAL_SPI_TxRxCpltCallback	0	static
STM32Cube_FW_N6/Drivers/STM32N6xx_HAL_Driver/Src/stm32n6xx_hal_spi.c:3542:13:SPI_DMATransmitReceiveCplt	8	static
STM32Cube_FW_N6/Drivers/STM32N6xx_HAL_Driver/Src/stm32n6xx_hal_spi.c:3333:13:HAL_SPI_TxHalfCpltCallback	0	static
STM32Cube_FW_N6/Drivers/STM32N6xx_HAL_Driver/Src/stm32n6xx_hal_spi.c:3571:13:SPI_DMAHalfTransmitCplt	8	static
STM32Cube_FW_N6/Drivers/STM32N6xx_HAL_Driver/Src/stm32n6xx_hal_spi.c:3349:13:HAL_SPI_RxHalfCpltCallback	0	static
STM32Cube_FW_N6/Drivers/STM32N6xx_HAL_Driver/Src/stm32n6xx_hal_spi.c:3589:13:SPI_DMAHalfReceiveCplt	8	static
STM32Cube_FW_N6/Drivers/STM32N6xx_HAL_Driver/Src/stm32n6xx_hal_spi.c:3365:13:HAL_SPI_TxRxHalfCpltCallback	0	static
STM32Cube_FW_N6/Drivers/STM32N6xx_HAL_Driver/Src/stm32n6xx_hal_spi.c:3607:13:SPI_DMAHalfTransmitReceiveCplt	8	static
STM32Cube_FW_N6/Drivers/STM32N6xx_HAL_Driver/Src/stm32n6xx_hal_spi.c:3381:13:HAL_SPI_ErrorCallback	0	static
STM32Cube_FW_N6/Drivers/STM32N6xx_HAL_Driver/Src/stm32n6xx_hal_spi.c:3625:13:SPI_DMAError	8	static
STM32Cube_FW_N6/Drivers/STM32N6xx_HAL_Driver/Src/stm32n6xx_hal_spi.c:3651:13:SPI_DMAAbortOnError	8	static
STM32Cube_FW_N6/Drivers/STM32N6xx_HAL_Driver/Src/stm32n6xx_hal_spi.c:3399:13:HAL_SPI_AbortCpltCallback	0	static
STM32Cube_FW_N6/Drivers/STM32N6xx_HAL_Driver/Src/stm32n6xx_hal_spi.c:2841:19:HAL_SPI_Abort_IT	24	static
STM32Cube_FW_N6/Drivers/STM32N6xx_HAL_Driver/Src/stm32n6xx_hal_spi.c:3675:13:SPI_DMATxAbortCallback	8	static
STM32Cube_FW_N6/Drivers/STM32N6xx_HAL_Driver/Src/stm32n6xx_hal_spi.c:3712:13:SPI_DMARxAbortCallback	8	static
STM32Cube_FW_N6/Drivers/STM32N6xx_HAL_Driver/Src/stm32n6xx_hal_spi.c:3414:13:HAL_SPI_SuspendCallback	0	static
STM32Cube_FW_N6/Drivers/STM32N6xx_HAL_Driver/Src/stm32n6xx_hal_spi.c:3040:6:HAL_SPI_IRQHandler	32	static
STM32Cube_FW_N6/Drivers/STM32N6xx_HAL_Driver/Src/stm32n6xx_hal_spi.c:3449:22:HAL_SPI_GetState	0	static
STM32Cube_FW_N6/Drivers/STM32N6xx_HAL_Driver/Src/stm32n6xx_hal_spi.c:3461:10:HAL_SPI_GetError	0	static
