STM32Cube_FW_N6/Drivers/STM32N6xx_HAL_Driver/Src/stm32n6xx_hal_gpu2d.c:302:13:HAL_GPU2D_MspInit	0	static
STM32Cube_FW_N6/Drivers/STM32N6xx_HAL_Driver/Src/stm32n6xx_hal_gpu2d.c:190:19:HAL_GPU2D_Init	8	static
STM32Cube_FW_N6/Drivers/STM32N6xx_HAL_Driver/Src/stm32n6xx_hal_gpu2d.c:318:13:HAL_GPU2D_MspDeInit	0	static
STM32Cube_FW_N6/Drivers/STM32N6xx_HAL_Driver/Src/stm32n6xx_hal_gpu2d.c:249:19:HAL_GPU2D_DeInit	8	static
STM32Cube_FW_N6/Drivers/STM32N6xx_HAL_Driver/Src/stm32n6xx_hal_gpu2d.c:567:10:HAL_GPU2D_ReadRegister	16	static
STM32Cube_FW_N6/Drivers/STM32N6xx_HAL_Driver/Src/stm32n6xx_hal_gpu2d.c:593:19:HAL_GPU2D_WriteRegister	16	static
STM32Cube_FW_N6/Drivers/STM32N6xx_HAL_Driver/Src/stm32n6xx_hal_gpu2d.c:659:13:HAL_GPU2D_CommandListCpltCallback	0	static
STM32Cube_FW_N6/Drivers/STM32N6xx_HAL_Driver/Src/stm32n6xx_hal_gpu2d.c:615:6:HAL_GPU2D_IRQHandler	8	static
STM32Cube_FW_N6/Drivers/STM32N6xx_HAL_Driver/Src/stm32n6xx_hal_gpu2d.c:676:13:HAL_GPU2D_ErrorCallback	0	static
STM32Cube_FW_N6/Drivers/STM32N6xx_HAL_Driver/Src/stm32n6xx_hal_gpu2d.c:647:6:HAL_GPU2D_ER_IRQHandler	8	static
STM32Cube_FW_N6/Drivers/STM32N6xx_HAL_Driver/Src/stm32n6xx_hal_gpu2d.c:720:24:HAL_GPU2D_GetState	0	static
STM32Cube_FW_N6/Drivers/STM32N6xx_HAL_Driver/Src/stm32n6xx_hal_gpu2d.c:731:10:HAL_GPU2D_GetError	0	static
