STM32Cube_FW_N6/Drivers/STM32N6xx_HAL_Driver/Src/stm32n6xx_hal_gfxmmu.c:294:13:HAL_GFXMMU_MspInit	0	static
STM32Cube_FW_N6/Drivers/STM32N6xx_HAL_Driver/Src/stm32n6xx_hal_gfxmmu.c:180:19:HAL_GFXMMU_Init	8	static
STM32Cube_FW_N6/Drivers/STM32N6xx_HAL_Driver/Src/stm32n6xx_hal_gfxmmu.c:309:13:HAL_GFXMMU_MspDeInit	0	static
STM32Cube_FW_N6/Drivers/STM32N6xx_HAL_Driver/Src/stm32n6xx_hal_gfxmmu.c:253:19:HAL_GFXMMU_DeInit	8	static
STM32Cube_FW_N6/Drivers/STM32N6xx_HAL_Driver/Src/stm32n6xx_hal_gfxmmu.c:493:19:HAL_GFXMMU_ConfigLut	24	static
STM32Cube_FW_N6/Drivers/STM32N6xx_HAL_Driver/Src/stm32n6xx_hal_gfxmmu.c:553:19:HAL_GFXMMU_DisableLutLines	16	static
STM32Cube_FW_N6/Drivers/STM32N6xx_HAL_Driver/Src/stm32n6xx_hal_gfxmmu.c:605:19:HAL_GFXMMU_ConfigLutLine	16	static
STM32Cube_FW_N6/Drivers/STM32N6xx_HAL_Driver/Src/stm32n6xx_hal_gfxmmu.c:662:19:HAL_GFXMMU_ModifyBuffers	16	static
STM32Cube_FW_N6/Drivers/STM32N6xx_HAL_Driver/Src/stm32n6xx_hal_gfxmmu.c:696:19:HAL_GFXMMU_ConfigPacking	16	static
STM32Cube_FW_N6/Drivers/STM32N6xx_HAL_Driver/Src/stm32n6xx_hal_gfxmmu.c:792:13:HAL_GFXMMU_ErrorCallback	0	static
STM32Cube_FW_N6/Drivers/STM32N6xx_HAL_Driver/Src/stm32n6xx_hal_gfxmmu.c:761:6:HAL_GFXMMU_IRQHandler	8	static
STM32Cube_FW_N6/Drivers/STM32N6xx_HAL_Driver/Src/stm32n6xx_hal_gfxmmu.c:825:25:HAL_GFXMMU_GetState	0	static
STM32Cube_FW_N6/Drivers/STM32N6xx_HAL_Driver/Src/stm32n6xx_hal_gfxmmu.c:836:10:HAL_GFXMMU_GetError	0	static,ignoring_inline_asm
