STM32Cube_FW_N6/Drivers/STM32N6xx_HAL_Driver/Src/stm32n6xx_hal_pcd.c:278:13:HAL_PCD_MspInit	0	static
STM32Cube_FW_N6/Drivers/STM32N6xx_HAL_Driver/Src/stm32n6xx_hal_pcd.c:123:19:HAL_PCD_Init	32	static
STM32Cube_FW_N6/Drivers/STM32N6xx_HAL_Driver/Src/stm32n6xx_hal_pcd.c:293:13:HAL_PCD_MspDeInit	0	static
STM32Cube_FW_N6/Drivers/STM32N6xx_HAL_Driver/Src/stm32n6xx_hal_pcd.c:239:19:HAL_PCD_DeInit	16	static
STM32Cube_FW_N6/Drivers/STM32N6xx_HAL_Driver/Src/stm32n6xx_hal_pcd.c:996:19:HAL_PCD_Start	8	static
STM32Cube_FW_N6/Drivers/STM32N6xx_HAL_Driver/Src/stm32n6xx_hal_pcd.c:1011:19:HAL_PCD_Stop	8	static
STM32Cube_FW_N6/Drivers/STM32N6xx_HAL_Driver/Src/stm32n6xx_hal_pcd.c:1492:13:HAL_PCD_DataOutStageCallback	0	static
STM32Cube_FW_N6/Drivers/STM32N6xx_HAL_Driver/Src/stm32n6xx_hal_pcd.c:1509:13:HAL_PCD_DataInStageCallback	0	static
STM32Cube_FW_N6/Drivers/STM32N6xx_HAL_Driver/Src/stm32n6xx_hal_pcd.c:1524:13:HAL_PCD_SetupStageCallback	0	static
STM32Cube_FW_N6/Drivers/STM32N6xx_HAL_Driver/Src/stm32n6xx_hal_pcd.c:1539:13:HAL_PCD_SOFCallback	0	static
STM32Cube_FW_N6/Drivers/STM32N6xx_HAL_Driver/Src/stm32n6xx_hal_pcd.c:1554:13:HAL_PCD_ResetCallback	0	static
STM32Cube_FW_N6/Drivers/STM32N6xx_HAL_Driver/Src/stm32n6xx_hal_pcd.c:1569:13:HAL_PCD_SuspendCallback	0	static
STM32Cube_FW_N6/Drivers/STM32N6xx_HAL_Driver/Src/stm32n6xx_hal_pcd.c:1584:13:HAL_PCD_ResumeCallback	0	static
STM32Cube_FW_N6/Drivers/STM32N6xx_HAL_Driver/Src/stm32n6xx_hal_pcd.c:1600:13:HAL_PCD_ISOOUTIncompleteCallback	0	static
STM32Cube_FW_N6/Drivers/STM32N6xx_HAL_Driver/Src/stm32n6xx_hal_pcd.c:1617:13:HAL_PCD_ISOINIncompleteCallback	0	static
STM32Cube_FW_N6/Drivers/STM32N6xx_HAL_Driver/Src/stm32n6xx_hal_pcd.c:1633:13:HAL_PCD_ConnectCallback	0	static
STM32Cube_FW_N6/Drivers/STM32N6xx_HAL_Driver/Src/stm32n6xx_hal_pcd.c:1648:13:HAL_PCD_DisconnectCallback	0	static
STM32Cube_FW_N6/Drivers/STM32N6xx_HAL_Driver/Src/stm32n6xx_hal_pcd.c:1682:19:HAL_PCD_DevConnect	8	static
STM32Cube_FW_N6/Drivers/STM32N6xx_HAL_Driver/Src/stm32n6xx_hal_pcd.c:1696:19:HAL_PCD_DevDisconnect	8	static
STM32Cube_FW_N6/Drivers/STM32N6xx_HAL_Driver/Src/stm32n6xx_hal_pcd.c:1711:19:HAL_PCD_SetAddress	8	static
STM32Cube_FW_N6/Drivers/STM32N6xx_HAL_Driver/Src/stm32n6xx_hal_pcd.c:1728:19:HAL_PCD_EP_Open	16	static
STM32Cube_FW_N6/Drivers/STM32N6xx_HAL_Driver/Src/stm32n6xx_hal_pcd.c:1774:19:HAL_PCD_EP_Close	8	static
STM32Cube_FW_N6/Drivers/STM32N6xx_HAL_Driver/Src/stm32n6xx_hal_pcd.c:1805:19:HAL_PCD_EP_Receive	16	static
STM32Cube_FW_N6/Drivers/STM32N6xx_HAL_Driver/Src/stm32n6xx_hal_pcd.c:1834:10:HAL_PCD_EP_GetRxCount	0	static
STM32Cube_FW_N6/Drivers/STM32N6xx_HAL_Driver/Src/stm32n6xx_hal_pcd.c:1846:19:HAL_PCD_EP_Transmit	16	static
STM32Cube_FW_N6/Drivers/STM32N6xx_HAL_Driver/Src/stm32n6xx_hal_pcd.c:1875:19:HAL_PCD_EP_SetStall	16	static
STM32Cube_FW_N6/Drivers/STM32N6xx_HAL_Driver/Src/stm32n6xx_hal_pcd.c:1918:19:HAL_PCD_EP_ClrStall	16	static
STM32Cube_FW_N6/Drivers/STM32N6xx_HAL_Driver/Src/stm32n6xx_hal_pcd.c:1954:19:HAL_PCD_EP_Abort	0	static
STM32Cube_FW_N6/Drivers/STM32N6xx_HAL_Driver/Src/stm32n6xx_hal_pcd.c:1029:6:HAL_PCD_IRQHandler	64	static
STM32Cube_FW_N6/Drivers/STM32N6xx_HAL_Driver/Src/stm32n6xx_hal_pcd.c:1980:19:HAL_PCD_EP_Flush	8	static
STM32Cube_FW_N6/Drivers/STM32N6xx_HAL_Driver/Src/stm32n6xx_hal_pcd.c:2003:19:HAL_PCD_ActivateRemoteWakeup	0	static
STM32Cube_FW_N6/Drivers/STM32N6xx_HAL_Driver/Src/stm32n6xx_hal_pcd.c:2013:19:HAL_PCD_DeActivateRemoteWakeup	0	static
STM32Cube_FW_N6/Drivers/STM32N6xx_HAL_Driver/Src/stm32n6xx_hal_pcd.c:2042:18:HAL_PCD_GetState	0	static
STM32Cube_FW_N6/Drivers/STM32N6xx_HAL_Driver/Src/stm32n6xx_hal_pcd.c:2054:19:HAL_PCD_SetTestMode	0	static
