Lib/AI_Runtime/Npu/Devices/STM32N6xx/npu_cache.c:44:6:npu_cache_enable	8	static
Lib/AI_Runtime/Npu/Devices/STM32N6xx/npu_cache.c:57:6:npu_cache_disable	16	static
Lib/AI_Runtime/Npu/Devices/STM32N6xx/npu_cache.c:69:6:npu_cache_invalidate	8	static
Lib/AI_Runtime/Npu/Devices/STM32N6xx/npu_cache.c:77:6:npu_cache_clean_range	8	static
Lib/AI_Runtime/Npu/Devices/STM32N6xx/npu_cache.c:88:6:npu_cache_clean_invalidate_range	8	static
Lib/AI_Runtime/Npu/Devices/STM32N6xx/npu_cache.c:117:13:npu_cache_enable_clocks_and_reset	0	static
Lib/AI_Runtime/Npu/Devices/STM32N6xx/npu_cache.c:102:6:HAL_CACHEAXI_MspInit	8	static
Lib/AI_Runtime/Npu/Devices/STM32N6xx/npu_cache.c:118:13:npu_cache_disable_clocks_and_reset	0	static
Lib/AI_Runtime/Npu/Devices/STM32N6xx/npu_cache.c:108:6:HAL_CACHEAXI_MspDeInit	8	static
